// Vitest Snapshot v1, https://vitest.dev/guide/snapshot.html

exports[`AuthForm component > Signup form renders correctly 1`] = `
"<div class="v-card v-theme--light v-card--density-default v-card--variant-elevated mx-auto mt-5" style="width: 100%;">
  <!---->
  <div class="v-card__loader">
    <div class="v-progress-linear v-theme--light v-locale--is-ltr" style="top: 0px; height: 0px; --v-progress-linear-height: 2px;" role="progressbar" aria-hidden="true" aria-valuemin="0" aria-valuemax="100">
      <!---->
      <div class="v-progress-linear__background" style="opacity: NaN;"></div>
      <div class="v-progress-linear__buffer" style="opacity: NaN; width: 0%;"></div>
      <transition-stub name="fade-transition" appear="false" persisted="false" css="true">
        <div class="v-progress-linear__indeterminate">
          <div class="v-progress-linear__indeterminate long"></div>
          <div class="v-progress-linear__indeterminate short"></div>
        </div>
      </transition-stub>
      <!---->
    </div>
  </div>
  <!---->
  <!---->
  <form class="v-form" novalidate="">
    <div class="v-card-title pb-0 text-h5">Sign Up</div>
    <div class="v-card-text">
      <div class="v-input v-input--horizontal v-input--center-affix v-input--density-default v-theme--light v-locale--is-ltr v-text-field">
        <div class="v-input__prepend">
          <!----><i class="mdi-email mdi v-icon notranslate v-theme--light v-icon--size-default" aria-hidden="true"></i>
        </div>
        <div class="v-input__control">
          <div class="v-field v-field--center-affix v-field--variant-filled v-theme--light v-locale--is-ltr">
            <div class="v-field__overlay"></div>
            <div class="v-field__loader">
              <div class="v-progress-linear v-theme--light v-locale--is-ltr" style="top: 0px; height: 0px; --v-progress-linear-height: 2px;" role="progressbar" aria-hidden="true" aria-valuemin="0" aria-valuemax="100">
                <!---->
                <div class="v-progress-linear__background" style="opacity: NaN;"></div>
                <div class="v-progress-linear__buffer" style="opacity: NaN; width: 0%;"></div>
                <transition-stub name="fade-transition" appear="false" persisted="false" css="true">
                  <div class="v-progress-linear__indeterminate">
                    <div class="v-progress-linear__indeterminate long"></div>
                    <div class="v-progress-linear__indeterminate short"></div>
                  </div>
                </transition-stub>
                <!---->
              </div>
            </div>
            <!---->
            <div class="v-field__field" data-no-activator=""><label class="v-label v-field-label v-field-label--floating" aria-hidden="true" for="input-0">
                <!---->Email
              </label><label class="v-label v-field-label" for="input-0">
                <!---->Email
              </label>
              <!----><input size="1" type="text" id="input-0" aria-describedby="input-0-messages" class="v-field__input" value="">
              <!---->
            </div>
            <!---->
            <!---->
            <div class="v-field__outline">
              <!---->
              <!---->
            </div>
          </div>
        </div>
        <!---->
        <div class="v-input__details">
          <transition-group-stub name="slide-y-transition" tag="div" appear="false" persisted="false" css="true" class="v-messages" role="alert" aria-live="polite" id="input-0-messages">
            <!---->
          </transition-group-stub>
          <!---->
        </div>
      </div>
      <!--v-if-->
      <div class="v-input v-input--horizontal v-input--center-affix v-input--density-default v-theme--light v-locale--is-ltr v-text-field">
        <div class="v-input__prepend">
          <!----><i class="mdi-lock mdi v-icon notranslate v-theme--light v-icon--size-default" aria-hidden="true"></i>
        </div>
        <div class="v-input__control">
          <div class="v-field v-field--center-affix v-field--variant-filled v-theme--light v-locale--is-ltr">
            <div class="v-field__overlay"></div>
            <div class="v-field__loader">
              <div class="v-progress-linear v-theme--light v-locale--is-ltr" style="top: 0px; height: 10px; --v-progress-linear-height: 10px;" role="progressbar" aria-hidden="false" aria-valuemin="0" aria-valuemax="100" aria-valuenow="0">
                <!---->
                <div class="v-progress-linear__background bg-error" style="opacity: NaN;"></div>
                <div class="v-progress-linear__buffer bg-error" style="opacity: NaN; width: 0%;"></div>
                <transition-stub name="slide-x-transition" appear="false" persisted="false" css="true">
                  <div class="v-progress-linear__determinate bg-error" style="width: 0%;"></div>
                </transition-stub>
                <!---->
              </div>
            </div>
            <!---->
            <div class="v-field__field" data-no-activator=""><label class="v-label v-field-label v-field-label--floating" aria-hidden="true" for="input-2">
                <!---->Password
              </label><label class="v-label v-field-label" for="input-2">
                <!---->Password
              </label>
              <!----><input size="1" type="password" id="input-2" aria-describedby="input-2-messages" class="v-field__input" value="">
              <!---->
            </div>
            <!---->
            <!---->
            <div class="v-field__outline">
              <!---->
              <!---->
            </div>
          </div>
        </div>
        <div class="v-input__append"><i class="mdi-eye-off mdi v-icon notranslate v-theme--light v-icon--size-default v-icon--clickable" role="button" aria-hidden="false" tabindex="0" aria-label="Password appended action"></i>
          <!---->
        </div>
        <div class="v-input__details">
          <transition-group-stub name="slide-y-transition" tag="div" appear="false" persisted="false" css="true" class="v-messages" role="alert" aria-live="polite" id="input-2-messages">
            <!---->
          </transition-group-stub>
          <!---->
        </div>
      </div>
      <div class="v-input v-input--horizontal v-input--center-affix v-input--density-default v-theme--light v-locale--is-ltr v-text-field">
        <div class="v-input__prepend">
          <!----><i class="mdi-lock mdi v-icon notranslate v-theme--light v-icon--size-default" aria-hidden="true"></i>
        </div>
        <div class="v-input__control">
          <div class="v-field v-field--center-affix v-field--variant-filled v-theme--light v-locale--is-ltr">
            <div class="v-field__overlay"></div>
            <div class="v-field__loader">
              <div class="v-progress-linear v-theme--light v-locale--is-ltr" style="top: 0px; height: 0px; --v-progress-linear-height: 2px;" role="progressbar" aria-hidden="true" aria-valuemin="0" aria-valuemax="100">
                <!---->
                <div class="v-progress-linear__background" style="opacity: NaN;"></div>
                <div class="v-progress-linear__buffer" style="opacity: NaN; width: 0%;"></div>
                <transition-stub name="fade-transition" appear="false" persisted="false" css="true">
                  <div class="v-progress-linear__indeterminate">
                    <div class="v-progress-linear__indeterminate long"></div>
                    <div class="v-progress-linear__indeterminate short"></div>
                  </div>
                </transition-stub>
                <!---->
              </div>
            </div>
            <!---->
            <div class="v-field__field" data-no-activator=""><label class="v-label v-field-label v-field-label--floating" aria-hidden="true" for="input-4">
                <!---->Verify Password
              </label><label class="v-label v-field-label" for="input-4">
                <!---->Verify Password
              </label>
              <!----><input size="1" type="password" id="input-4" aria-describedby="input-4-messages" class="v-field__input" value="">
              <!---->
            </div>
            <!---->
            <!---->
            <div class="v-field__outline">
              <!---->
              <!---->
            </div>
          </div>
        </div>
        <div class="v-input__append"><i class="mdi-eye-off mdi v-icon notranslate v-theme--light v-icon--size-default v-icon--clickable" role="button" aria-hidden="false" tabindex="0" aria-label="Verify Password appended action"></i>
          <!---->
        </div>
        <div class="v-input__details">
          <transition-group-stub name="slide-y-transition" tag="div" appear="false" persisted="false" css="true" class="v-messages" role="alert" aria-live="polite" id="input-4-messages">
            <!---->
          </transition-group-stub>
          <!---->
        </div>
      </div>
      <div class="v-input v-input--horizontal v-input--center-affix v-input--density-default v-theme--light v-locale--is-ltr v-input--dirty v-checkbox">
        <!---->
        <div class="v-input__control">
          <div class="v-selection-control v-selection-control--density-default v-checkbox-btn">
            <div class="v-selection-control__wrapper">
              <!---->
              <div class="v-selection-control__input"><i class="mdi-checkbox-blank-outline mdi v-icon notranslate v-theme--light v-icon--size-default" aria-hidden="true"></i><input id="checkbox-6" aria-disabled="false" aria-label="Send me updates about the project" type="checkbox" aria-describedby="checkbox-6-messages" value="true"></div>
            </div><label class="v-label v-label--clickable" for="checkbox-6">
              <!---->Send me updates about the project
            </label>
          </div>
        </div>
        <!---->
        <div class="v-input__details">
          <transition-group-stub name="slide-y-transition" tag="div" appear="false" persisted="false" css="true" class="v-messages" role="alert" aria-live="polite" id="checkbox-6-messages">
            <!---->
          </transition-group-stub>
          <!---->
        </div>
      </div>
    </div>
    <hr class="v-divider v-theme--light" aria-orientation="horizontal" role="separator">
    <div class="v-card-actions"><button type="submit" class="v-btn v-btn--slim v-theme--light text-success v-btn--density-default v-btn--size-default v-btn--variant-text"><span class="v-btn__overlay"></span><span class="v-btn__underlay"></span>
        <!----><span class="v-btn__content" data-no-activator="">Sign Up</span>
        <!---->
        <!---->
      </button></div>
    <hr class="v-divider v-theme--light" aria-orientation="horizontal" role="separator">
    <div class="v-card-text">Already registered? <a href="/auth/login">Login</a></div>
  </form>
  <!---->
  <!----><span class="v-card__underlay"></span>
</div>"
`;
